// Jest Snapshot v1, https://goo.gl/fbAQLP

exports[`Unauthorized test - renders correctly 1`] = `
<div
  class="MuiGrid-root makeStyles-panelContainer-1 MuiGrid-container MuiGrid-spacing-xs-2"
>
  <div
    class="MuiGrid-root MuiGrid-item MuiGrid-grid-xs-12"
  >
    <h2
      class="MuiTypography-root MuiTypography-h2"
    >
      Unauthorized
    </h2>
  </div>
  <div
    class="MuiGrid-root MuiGrid-container MuiGrid-item MuiGrid-grid-xs-12"
  >
    <p
      class="MuiTypography-root MuiTypography-body1"
    >
      You must be logged in as admin to view this page.
    </p>
  </div>
</div>
`;
