// Jest Snapshot v1, https://goo.gl/fbAQLP

exports[`SubmitPostForm test - renders correctly 1`] = `
<form>
  <div
    class="makeStyles-cardBody-10 makeStyles-root-1"
  >
    <div
      class="MuiGrid-root MuiGrid-container"
    >
      <p
        class="MuiTypography-root makeStyles-title-2 MuiTypography-body2"
      >
        Create a Post
      </p>
      <button
        class="MuiButtonBase-root MuiIconButton-root makeStyles-exit-3"
        tabindex="0"
        type="button"
      >
        <span
          class="MuiIconButton-label"
        >
          X
        </span>
        <span
          class="MuiTouchRipple-root"
        />
      </button>
    </div>
    <div
      class="MuiInputBase-root makeStyles-input-5 MuiInputBase-fullWidth"
      required=""
    >
      <input
        class="MuiInputBase-input"
        id="title"
        name="title"
        placeholder="Enter Title"
        required=""
        type="text"
        value=""
      />
    </div>
    <hr
      class="MuiDivider-root"
    />
    <div
      class="MuiInputBase-root makeStyles-input-5 MuiInputBase-fullWidth MuiInputBase-multiline"
      required=""
    >
      <textarea
        class="MuiInputBase-input MuiInputBase-inputMultiline"
        id="text"
        name="text"
        placeholder="Enter text or URL here"
        required=""
        rows="1"
        style="height: 0px; overflow: hidden;"
      />
      <textarea
        aria-hidden="true"
        class="MuiInputBase-input MuiInputBase-inputMultiline"
        readonly=""
        style="visibility: hidden; position: absolute; overflow: hidden; height: 0px; top: 0px; left: 0px; transform: translateZ(0); width: 100%;"
        tabindex="-1"
      />
    </div>
    <hr
      class="MuiDivider-root"
    />
    <div
      class="MuiGrid-root makeStyles-group-6 MuiGrid-container MuiGrid-align-items-xs-center"
    >
      <p
        class="MuiTypography-root MuiTypography-body1"
      >
        Who can see your post
      </p>
      <div
        aria-expanded="false"
        class="MuiAutocomplete-root makeStyles-groupInput-7 MuiAutocomplete-hasClearIcon MuiAutocomplete-hasPopupIcon"
        role="combobox"
        variant="outlined"
      >
        <div
          class="MuiFormControl-root MuiTextField-root makeStyles-label-8 MuiFormControl-fullWidth"
        >
          <label
            class="MuiFormLabel-root MuiInputLabel-root MuiInputLabel-formControl MuiInputLabel-animated MuiInputLabel-marginDense MuiInputLabel-outlined"
            data-shrink="false"
            for="hashtag"
            id="hashtag-label"
          >
            Select a hashtag
          </label>
          <div
            class="MuiInputBase-root MuiOutlinedInput-root MuiAutocomplete-inputRoot MuiInputBase-fullWidth MuiInputBase-formControl MuiInputBase-adornedEnd MuiOutlinedInput-adornedEnd MuiInputBase-marginDense MuiOutlinedInput-marginDense"
          >
            <input
              aria-autocomplete="list"
              aria-invalid="false"
              autocapitalize="none"
              autocomplete="off"
              class="MuiInputBase-input MuiOutlinedInput-input MuiAutocomplete-input MuiAutocomplete-inputFocused MuiInputBase-inputAdornedEnd MuiOutlinedInput-inputAdornedEnd MuiInputBase-inputMarginDense MuiOutlinedInput-inputMarginDense"
              id="hashtag"
              name="hashtag"
              spellcheck="false"
              type="text"
              value=""
            />
            <div
              class="MuiAutocomplete-endAdornment"
            >
              <button
                aria-label="Clear"
                class="MuiButtonBase-root MuiIconButton-root MuiAutocomplete-clearIndicator"
                tabindex="-1"
                title="Clear"
                type="button"
              >
                <span
                  class="MuiIconButton-label"
                >
                  <svg
                    aria-hidden="true"
                    class="MuiSvgIcon-root MuiSvgIcon-fontSizeSmall"
                    focusable="false"
                    viewBox="0 0 24 24"
                  >
                    <path
                      d="M19 6.41L17.59 5 12 10.59 6.41 5 5 6.41 10.59 12 5 17.59 6.41 19 12 13.41 17.59 19 19 17.59 13.41 12z"
                    />
                  </svg>
                </span>
                <span
                  class="MuiTouchRipple-root"
                />
              </button>
              <button
                aria-label="Open"
                class="MuiButtonBase-root MuiIconButton-root MuiAutocomplete-popupIndicator"
                tabindex="-1"
                title="Open"
                type="button"
              >
                <span
                  class="MuiIconButton-label"
                >
                  <svg
                    aria-hidden="true"
                    class="MuiSvgIcon-root"
                    focusable="false"
                    viewBox="0 0 24 24"
                  >
                    <path
                      d="M7 10l5 5 5-5z"
                    />
                  </svg>
                </span>
                <span
                  class="MuiTouchRipple-root"
                />
              </button>
            </div>
            <fieldset
              aria-hidden="true"
              class="PrivateNotchedOutline-root-19 MuiOutlinedInput-notchedOutline"
            >
              <legend
                class="PrivateNotchedOutline-legendLabelled-21"
              >
                <span>
                  Select a hashtag
                </span>
              </legend>
            </fieldset>
          </div>
        </div>
      </div>
    </div>
    <div
      class="MuiGrid-root MuiGrid-container MuiGrid-align-items-xs-flex-end MuiGrid-justify-xs-flex-end"
    >
      <button
        class="MuiButtonBase-root MuiButton-root MuiButton-contained makeStyles-button-23 makeStyles-fullWidth-24 makeStyles-button-9"
        id="submit-button"
        tabindex="0"
        type="submit"
      >
        <span
          class="MuiButton-label"
        >
          POST
        </span>
        <span
          class="MuiTouchRipple-root"
        />
      </button>
    </div>
  </div>
</form>
`;
