// Jest Snapshot v1, https://goo.gl/fbAQLP

exports[`Notification test - renders correctly 1`] = `
<div
  class="MuiGrid-root makeStyles-root-1 makeStyles-root-5 MuiGrid-container MuiGrid-direction-xs-column MuiGrid-align-items-xs-flex-start"
>
  <div
    class="MuiGrid-root MuiGrid-item"
  >
    <h5
      class="MuiTypography-root MuiTypography-h5"
    >
      Notifications
    </h5>
    <hr
      class="MuiDivider-root"
    />
    <button
      class="MuiButtonBase-root MuiIconButton-root makeStyles-moreMenu-4 MuiIconButton-sizeSmall"
      tabindex="0"
      title="Open Notifications"
      type="button"
    >
      <span
        class="MuiIconButton-label"
      >
        <svg
          aria-hidden="true"
          class="MuiSvgIcon-root"
          focusable="false"
          viewBox="0 0 24 24"
        >
          <path
            d="M19 19H5V5h7V3H5c-1.11 0-2 .9-2 2v14c0 1.1.89 2 2 2h14c1.1 0 2-.9 2-2v-7h-2v7zM14 3v2h3.59l-9.83 9.83 1.41 1.41L19 6.41V10h2V3h-7z"
          />
        </svg>
      </span>
      <span
        class="MuiTouchRipple-root"
      />
    </button>
  </div>
  <div
    class="MuiGrid-root makeStyles-content-3 MuiGrid-item"
  >
    <div
      class="MuiGrid-root makeStyles-rootNoNotification-9 makeStyles-rootNoNotification-15 MuiGrid-container MuiGrid-direction-xs-column MuiGrid-align-items-xs-center MuiGrid-justify-xs-center"
    >
      <div
        class="MuiGrid-root MuiGrid-item"
      >
        <img
          alt=""
          src="ZeroNotificationsBG.png"
        />
      </div>
      <div
        class="MuiGrid-root MuiGrid-item"
      >
        <span
          class="MuiTypography-root MuiTypography-body2"
        >
          Relax, you don’t have any alerts right now.
        </span>
      </div>
    </div>
  </div>
</div>
`;
