// Jest Snapshot v1, https://goo.gl/fbAQLP

exports[`LandingPage test - renders correctly 1`] = `
<div
  class="makeStyles-container-1"
>
  <div
    class="MuiGrid-root makeStyles-grid-20 undefined MuiGrid-container MuiGrid-justify-xs-center"
    style="margin-right: 24px;"
  >
    <div
      class="MuiGrid-root makeStyles-grid-21  MuiGrid-item MuiGrid-grid-xs-12"
    >
      <p
        class="MuiTypography-root makeStyles-share-11 MuiTypography-body1 MuiTypography-alignCenter"
      >
        Share
         
        <span
          class="makeStyles-greenTitleText-12"
        >
          your voice
        </span>
        , democratically
      </p>
    </div>
    <div
      class="MuiGrid-root makeStyles-grid-21  MuiGrid-item MuiGrid-grid-xs-12"
    >
      <div
        class="MuiGrid-root makeStyles-grid-20 undefined MuiGrid-container MuiGrid-justify-xs-center"
      >
        <p
          class="MuiTypography-root makeStyles-fits-13 MuiTypography-body1"
        >
          Select what fits for you
        </p>
      </div>
    </div>
    <div
      class="MuiGrid-root makeStyles-grid-21  MuiGrid-item MuiGrid-grid-xs-12"
    >
      <div
        class="MuiGrid-root makeStyles-grid-20 undefined MuiGrid-container MuiGrid-justify-xs-center"
      >
        <div
          class="makeStyles-buttonSpacing-14"
        >
          <button
            class="MuiButtonBase-root MuiButton-root WithStyles(ForwardRef(Button))-root-22 MuiButton-contained MuiButton-containedSecondary"
            style="background: rgb(29, 108, 231);"
            tabindex="0"
            type="button"
          >
            <span
              class="MuiButton-label"
            >
              Personal
            </span>
            <span
              class="MuiTouchRipple-root"
            />
          </button>
          <button
            class="MuiButtonBase-root MuiButton-root WithStyles(ForwardRef(Button))-root-22 MuiButton-outlined MuiButton-outlinedSecondary"
            tabindex="0"
            type="button"
          >
            <span
              class="MuiButton-label"
            >
              Business
            </span>
            <span
              class="MuiTouchRipple-root"
            />
          </button>
          <button
            class="MuiButtonBase-root MuiButton-root WithStyles(ForwardRef(Button))-root-22 MuiButton-outlined MuiButton-outlinedSecondary"
            tabindex="0"
            type="button"
          >
            <span
              class="MuiButton-label"
            >
              Investors
            </span>
            <span
              class="MuiTouchRipple-root"
            />
          </button>
        </div>
      </div>
    </div>
    <div
      class="Carousel-root-23 "
    >
      <div
        class="CarouselItem"
      >
        <div
          style="opacity: 1; webkit-transition: opacity 500ms cubic-bezier(0.4, 0, 0.2, 1) 0ms; transition: opacity 500ms cubic-bezier(0.4, 0, 0.2, 1) 0ms;"
        >
          <div
            class="MuiGrid-root makeStyles-grid-20 undefined MuiGrid-container MuiGrid-justify-xs-center"
            style="margin-right: 24px;"
          >
            <div
              class="MuiGrid-root makeStyles-grid-21  MuiGrid-item MuiGrid-grid-xs-12 MuiGrid-grid-sm-5"
            >
              <div
                class="MuiGrid-root makeStyles-grid-20 undefined MuiGrid-container MuiGrid-justify-xs-center"
              >
                <img
                  alt="PersonalPlan.png"
                  height="500"
                  src="PersonalPlan.png"
                  style="width: 435.43px; height: 300.51px; object-fit: contain;"
                />
              </div>
            </div>
            <div
              class="MuiGrid-root makeStyles-grid-21  MuiGrid-item MuiGrid-grid-xs-12 MuiGrid-grid-sm-4"
            >
              <div
                class="MuiGrid-root makeStyles-grid-20 undefined MuiGrid-container"
              >
                <p
                  class="MuiTypography-root MuiTypography-body1"
                >
                  <div
                    class="makeStyles-opinionsText-15"
                  >
                    <b>
                      Share your opinions
                    </b>
                     
                    with friends and/or strangers, work in projects with your teams, vote transparently and more.
                    <br />
                    <br />
                    <b>
                      Join a growing community of more than 1047 people
                    </b>
                    in honest and informed conversations. VoxPop is yours to shape.
                    <br />
                    <br />
                  </div>
                </p>
                <p
                  class="MuiTypography-root makeStyles-bottomText-17 MuiTypography-body1"
                >
                  <button
                    class="MuiButtonBase-root MuiButton-root WithStyles(ForwardRef(Button))-root-35 MuiButton-contained MuiButton-containedPrimary"
                    tabindex="0"
                    type="button"
                  >
                    <span
                      class="MuiButton-label"
                    >
                      Get Access
                    </span>
                    <span
                      class="MuiTouchRipple-root"
                    />
                  </button>
                   
                  What else do
                  <span
                    class="makeStyles-greenText-16"
                  >
                     we have 
                  </span>
                  for you?
                  <button
                    aria-label="What's next"
                    class="MuiButtonBase-root MuiIconButton-root MuiIconButton-colorPrimary"
                    tabindex="0"
                    type="button"
                  >
                    <span
                      class="MuiIconButton-label"
                    >
                      <svg
                        aria-hidden="true"
                        class="MuiSvgIcon-root"
                        focusable="false"
                        role="presentation"
                        viewBox="0 0 24 24"
                      >
                        <path
                          d="M15.5 5H11l5 7-5 7h4.5l5-7z"
                        />
                        <path
                          d="M8.5 5H4l5 7-5 7h4.5l5-7z"
                        />
                      </svg>
                    </span>
                    <span
                      class="MuiTouchRipple-root"
                    />
                  </button>
                </p>
              </div>
            </div>
          </div>
        </div>
      </div>
      <div
        class="Carousel-buttonWrapper-27 Carousel-fullHeightHoverWrapper-28 Carousel-next-33"
      >
        <button
          aria-label="Next"
          class="MuiButtonBase-root MuiIconButton-root Carousel-button-29 Carousel-buttonHidden-32 Carousel-fullHeightHoverButton-30 Carousel-next-33"
          tabindex="0"
          type="button"
        >
          <span
            class="MuiIconButton-label"
          >
            <svg
              aria-hidden="true"
              class="MuiSvgIcon-root"
              focusable="false"
              role="presentation"
              viewBox="0 0 24 24"
            >
              <path
                d="M10 6L8.59 7.41 13.17 12l-4.58 4.59L10 18l6-6z"
              />
            </svg>
          </span>
          <span
            class="MuiTouchRipple-root"
          />
        </button>
      </div>
      <div
        class="Carousel-buttonWrapper-27 Carousel-fullHeightHoverWrapper-28 Carousel-prev-34"
      >
        <button
          aria-label="Previous"
          class="MuiButtonBase-root MuiIconButton-root Carousel-button-29 Carousel-buttonHidden-32 Carousel-fullHeightHoverButton-30  Carousel-prev-34"
          tabindex="0"
          type="button"
        >
          <span
            class="MuiIconButton-label"
          >
            <svg
              aria-hidden="true"
              class="MuiSvgIcon-root"
              focusable="false"
              role="presentation"
              viewBox="0 0 24 24"
            >
              <path
                d="M15.41 7.41L14 6l-6 6 6 6 1.41-1.41L10.83 12z"
              />
            </svg>
          </span>
          <span
            class="MuiTouchRipple-root"
          />
        </button>
      </div>
      <div
        class="Carousel-indicators-24"
      >
        <svg
          aria-hidden="true"
          class="MuiSvgIcon-root Carousel-indicator-25 Carousel-active-26 undefined"
          focusable="false"
          role="presentation"
          viewBox="0 0 24 24"
        >
          <circle
            cx="12"
            cy="12"
            r="8"
          />
        </svg>
        <svg
          aria-hidden="true"
          class="MuiSvgIcon-root Carousel-indicator-25 undefined"
          focusable="false"
          role="presentation"
          viewBox="0 0 24 24"
        >
          <circle
            cx="12"
            cy="12"
            r="8"
          />
        </svg>
        <svg
          aria-hidden="true"
          class="MuiSvgIcon-root Carousel-indicator-25 undefined"
          focusable="false"
          role="presentation"
          viewBox="0 0 24 24"
        >
          <circle
            cx="12"
            cy="12"
            r="8"
          />
        </svg>
      </div>
    </div>
  </div>
</div>
`;
