// Jest Snapshot v1, https://goo.gl/fbAQLP

exports[`InvestorPlanCarousel test - renders correctly 1`] = `
<div
  class="makeStyles-root-20"
>
  <div
    style="overflow-x: hidden;"
  >
    <div
      class="react-swipeable-view-container"
      style="flex-direction: row; transition: all 0s ease 0s; direction: ltr; display: flex; will-change: transform;"
    >
      <div
        aria-hidden="false"
        data-swipeable="true"
        style="width: 100%; flex-shrink: 0; overflow: auto;"
      >
        <div
          class="makeStyles-content-21"
        >
          <div
            class="MuiGrid-root makeStyles-grid-22 undefined MuiGrid-container MuiGrid-justify-xs-center"
            style="margin-right: 24px;"
          >
            <div
              class="MuiGrid-root makeStyles-grid-23  MuiGrid-item MuiGrid-grid-xs-12 MuiGrid-grid-sm-5"
            >
              <div
                class="MuiGrid-root makeStyles-grid-22 undefined MuiGrid-container MuiGrid-justify-xs-center"
              >
                <img
                  alt="UserSharing.png"
                  src="UserSharing.png"
                  style="width: 400.43px; height: 300.51px; object-fit: contain;"
                />
              </div>
            </div>
            <div
              class="MuiGrid-root makeStyles-grid-23  MuiGrid-item MuiGrid-grid-xs-12 MuiGrid-grid-sm-4"
            >
              <div
                class="MuiGrid-root makeStyles-grid-22 undefined MuiGrid-container"
              >
                <p
                  class="MuiTypography-root MuiTypography-body1"
                >
                  <div
                    class="makeStyles-opinionsText-15"
                  >
                    We created VoxPop with promoting
                     
                    <b>
                      democracy and community as our pillar.
                    </b>
                    <br />
                    <br />
                    This is why we reject investment from VC firms, and encourage users to invest and become a part of the change.
                    <b>
                      Invest up to $2000 to grow with us. 
                    </b>
                    <br />
                    <br />
                  </div>
                </p>
                <p
                  class="MuiTypography-root makeStyles-bottomText-17 MuiTypography-body1"
                >
                  <button
                    class="MuiButtonBase-root MuiButton-root WithStyles(ForwardRef(Button))-root-24 MuiButton-contained MuiButton-containedPrimary"
                    tabindex="0"
                    type="button"
                  >
                    <span
                      class="MuiButton-label"
                    >
                      Invest for change
                    </span>
                    <span
                      class="MuiTouchRipple-root"
                    />
                  </button>
                   
                  What is
                  <span
                    class="makeStyles-greenText-16"
                  >
                     the deal 
                  </span>
                  <button
                    class="MuiButtonBase-root-33 MuiIconButton-root-25 MuiIconButton-colorPrimary-29 MuiIconButton-sizeSmall-31"
                    tabindex="0"
                    type="button"
                  >
                    <span
                      class="MuiIconButton-label-32"
                    >
                      <svg
                        aria-hidden="true"
                        class="MuiSvgIcon-root-34"
                        focusable="false"
                        role="presentation"
                        viewBox="0 0 24 24"
                      >
                        <path
                          d="M15.5 5H11l5 7-5 7h4.5l5-7z"
                        />
                        <path
                          d="M8.5 5H4l5 7-5 7h4.5l5-7z"
                        />
                      </svg>
                    </span>
                    <span
                      class="MuiTouchRipple-root-116"
                    />
                  </button>
                </p>
              </div>
            </div>
          </div>
        </div>
      </div>
    </div>
  </div>
  <div
    class="MuiPaper-root-51 MuiMobileStepper-root-43 MuiMobileStepper-positionStatic-46 MuiPaper-elevation0-54"
    style="background-color: transparent; box-shadow: none;"
  >
    <button
      class="MuiButtonBase-root-106 MuiButton-root-79 MuiButton-text-81 MuiButton-textSizeSmall-92 MuiButton-sizeSmall-98 Mui-disabled Mui-disabled"
      disabled=""
      style="visibility: hidden;"
      tabindex="-1"
      type="button"
    >
      <span
        class="MuiButton-label-80"
      >
        <svg
          aria-hidden="true"
          class="MuiSvgIcon-root-107"
          focusable="false"
          role="presentation"
          viewBox="0 0 24 24"
        >
          <path
            d="M15.41 16.59L10.83 12l4.58-4.59L14 6l-6 6 6 6 1.41-1.41z"
          />
        </svg>
        Back
      </span>
    </button>
    <div
      class="MuiMobileStepper-dots-47"
    >
      <div
        class="MuiMobileStepper-dot-48 MuiMobileStepper-dotActive-49"
      />
      <div
        class="MuiMobileStepper-dot-48"
      />
      <div
        class="MuiMobileStepper-dot-48"
      />
    </div>
    <button
      class="MuiButtonBase-root-106 MuiButton-root-79 MuiButton-text-81 MuiButton-textSizeSmall-92 MuiButton-sizeSmall-98"
      style="visibility: hidden;"
      tabindex="0"
      type="button"
    >
      <span
        class="MuiButton-label-80"
      >
        Next
        <svg
          aria-hidden="true"
          class="MuiSvgIcon-root-107"
          focusable="false"
          role="presentation"
          viewBox="0 0 24 24"
        >
          <path
            d="M8.59 16.59L13.17 12 8.59 7.41 10 6l6 6-6 6-1.41-1.41z"
          />
        </svg>
      </span>
      <span
        class="MuiTouchRipple-root-126"
      />
    </button>
  </div>
</div>
`;
